###############################################################################
#
# IAR ELF Linker V9.30.1.335/W64 for ARM                  18/Jul/2024  09:54:20
# Copyright 2007-2022 IAR Systems AB.
#
#    Output file  =
#        C:\Users\user\Desktop\STM32L431RCT6_Template\EWARM\STM32L431RCT6_Template\Exe\STM32L431RCT6_Template.out
#    Map file     =
#        C:\Users\user\Desktop\STM32L431RCT6_Template\EWARM\STM32L431RCT6_Template\List\STM32L431RCT6_Template.map
#    Command line =
#        -f
#        C:\Users\user\Desktop\STM32L431RCT6_Template\EWARM\STM32L431RCT6_Template\Exe\STM32L431RCT6_Template.out.rsp
#        (C:\Users\user\Desktop\STM32L431RCT6_Template\EWARM\STM32L431RCT6_Template\Obj\Application\User\Core\gpio.o
#        C:\Users\user\Desktop\STM32L431RCT6_Template\EWARM\STM32L431RCT6_Template\Obj\Application\User\Core\main.o
#        C:\Users\user\Desktop\STM32L431RCT6_Template\EWARM\STM32L431RCT6_Template\Obj\Application\EWARM\startup_stm32l431xx.o
#        C:\Users\user\Desktop\STM32L431RCT6_Template\EWARM\STM32L431RCT6_Template\Obj\Drivers\STM32L4xx_HAL_Driver\stm32l4xx_hal.o
#        C:\Users\user\Desktop\STM32L431RCT6_Template\EWARM\STM32L431RCT6_Template\Obj\Drivers\STM32L4xx_HAL_Driver\stm32l4xx_hal_cortex.o
#        C:\Users\user\Desktop\STM32L431RCT6_Template\EWARM\STM32L431RCT6_Template\Obj\Drivers\STM32L4xx_HAL_Driver\stm32l4xx_hal_dma.o
#        C:\Users\user\Desktop\STM32L431RCT6_Template\EWARM\STM32L431RCT6_Template\Obj\Drivers\STM32L4xx_HAL_Driver\stm32l4xx_hal_dma_ex.o
#        C:\Users\user\Desktop\STM32L431RCT6_Template\EWARM\STM32L431RCT6_Template\Obj\Drivers\STM32L4xx_HAL_Driver\stm32l4xx_hal_exti.o
#        C:\Users\user\Desktop\STM32L431RCT6_Template\EWARM\STM32L431RCT6_Template\Obj\Drivers\STM32L4xx_HAL_Driver\stm32l4xx_hal_flash.o
#        C:\Users\user\Desktop\STM32L431RCT6_Template\EWARM\STM32L431RCT6_Template\Obj\Drivers\STM32L4xx_HAL_Driver\stm32l4xx_hal_flash_ex.o
#        C:\Users\user\Desktop\STM32L431RCT6_Template\EWARM\STM32L431RCT6_Template\Obj\Drivers\STM32L4xx_HAL_Driver\stm32l4xx_hal_flash_ramfunc.o
#        C:\Users\user\Desktop\STM32L431RCT6_Template\EWARM\STM32L431RCT6_Template\Obj\Drivers\STM32L4xx_HAL_Driver\stm32l4xx_hal_gpio.o
#        C:\Users\user\Desktop\STM32L431RCT6_Template\EWARM\STM32L431RCT6_Template\Obj\Drivers\STM32L4xx_HAL_Driver\stm32l4xx_hal_i2c.o
#        C:\Users\user\Desktop\STM32L431RCT6_Template\EWARM\STM32L431RCT6_Template\Obj\Drivers\STM32L4xx_HAL_Driver\stm32l4xx_hal_i2c_ex.o
#        C:\Users\user\Desktop\STM32L431RCT6_Template\EWARM\STM32L431RCT6_Template\Obj\Application\User\Core\stm32l4xx_hal_msp.o
#        C:\Users\user\Desktop\STM32L431RCT6_Template\EWARM\STM32L431RCT6_Template\Obj\Drivers\STM32L4xx_HAL_Driver\stm32l4xx_hal_pwr.o
#        C:\Users\user\Desktop\STM32L431RCT6_Template\EWARM\STM32L431RCT6_Template\Obj\Drivers\STM32L4xx_HAL_Driver\stm32l4xx_hal_pwr_ex.o
#        C:\Users\user\Desktop\STM32L431RCT6_Template\EWARM\STM32L431RCT6_Template\Obj\Drivers\STM32L4xx_HAL_Driver\stm32l4xx_hal_rcc.o
#        C:\Users\user\Desktop\STM32L431RCT6_Template\EWARM\STM32L431RCT6_Template\Obj\Drivers\STM32L4xx_HAL_Driver\stm32l4xx_hal_rcc_ex.o
#        C:\Users\user\Desktop\STM32L431RCT6_Template\EWARM\STM32L431RCT6_Template\Obj\Drivers\STM32L4xx_HAL_Driver\stm32l4xx_hal_tim.o
#        C:\Users\user\Desktop\STM32L431RCT6_Template\EWARM\STM32L431RCT6_Template\Obj\Drivers\STM32L4xx_HAL_Driver\stm32l4xx_hal_tim_ex.o
#        C:\Users\user\Desktop\STM32L431RCT6_Template\EWARM\STM32L431RCT6_Template\Obj\Application\User\Core\stm32l4xx_it.o
#        C:\Users\user\Desktop\STM32L431RCT6_Template\EWARM\STM32L431RCT6_Template\Obj\Drivers\CMSIS\system_stm32l4xx.o
#        --no_out_extension -o
#        C:\Users\user\Desktop\STM32L431RCT6_Template\EWARM\STM32L431RCT6_Template\Exe\STM32L431RCT6_Template.out
#        --redirect _Printf=_PrintfFullNoMb --redirect _Scanf=_ScanfFullNoMb
#        --map
#        C:\Users\user\Desktop\STM32L431RCT6_Template\EWARM\STM32L431RCT6_Template\List\STM32L431RCT6_Template.map
#        --config
#        C:\Users\user\Desktop\STM32L431RCT6_Template\EWARM/stm32l431xx_flash.icf
#        --semihosting --entry __iar_program_start --vfe --text_out locale
#        --cpu=Cortex-M4 --fpu=VFPv4_sp)
#
###############################################################################

*******************************************************************************
*** RUNTIME MODEL ATTRIBUTES
***

CppFlavor       = *
__CPP_Runtime   = 1
__SystemLibrary = DLib
__dlib_version  = 6


*******************************************************************************
*** HEAP SELECTION
***

The basic heap was selected because --advanced_heap
was not specified and the application did not appear to
be primarily optimized for speed.


*******************************************************************************
*** PLACEMENT SUMMARY
***

"A0":  place at address 0x800'0000 { ro section .intvec };
"P1":  place in [from 0x800'0000 to 0x803'ffff] { ro };
define block CSTACK with size = 1K, alignment = 8 { };
define block HEAP with size = 512, alignment = 8 { };
"P2":  place in [from 0x2000'0000 to 0x2000'ffff] {
          rw, block CSTACK, block HEAP };
initialize by copy { rw };

  Section            Kind         Address   Size  Object
  -------            ----         -------   ----  ------
"A0":                                      0x18c
  .intvec            ro code   0x800'0000  0x18c  startup_stm32l431xx.o [1]
                             - 0x800'018c  0x18c

"P1":                                      0xce0
  .text              ro code   0x800'018c  0x704  stm32l4xx_hal_rcc.o [4]
  .text              ro code   0x800'0890   0x44  stm32l4xx_hal.o [4]
  .text              ro code   0x800'08d4    0xc  stm32l4xx_hal.o [4]
  .text              ro code   0x800'08e0   0x7c  stm32l4xx_hal_pwr_ex.o [4]
  .text              ro code   0x800'095c   0xac  stm32l4xx_hal_cortex.o [4]
  .text              ro code   0x800'0a08   0xa8  main.o [2]
  .text              ro code   0x800'0ab0   0x1e  stm32l4xx_hal.o [4]
  .text              ro code   0x800'0ace   0x2a  copy_init3.o [7]
  .text              ro code   0x800'0af8   0x44  gpio.o [2]
  .text              ro code   0x800'0b3c   0x14  memset.o [7]
  .text              ro code   0x800'0b50   0x10  stm32l4xx_hal_pwr.o [4]
  .text              ro code   0x800'0b60   0x10  stm32l4xx_hal_rcc_ex.o [4]
  .text              ro code   0x800'0b70   0x30  stm32l4xx_hal_msp.o [2]
  .text              ro code   0x800'0ba0   0x66  ABImemset.o [7]
  .rodata            const     0x800'0c08   0x30  system_stm32l4xx.o [3]
  .text              ro code   0x800'0c38   0x2c  system_stm32l4xx.o [3]
  .text              ro code   0x800'0c64   0x28  data_init.o [7]
  .text              ro code   0x800'0c8c   0x22  fpinit_M.o [6]
  .iar.init_table    const     0x800'0cb0   0x14  - Linker created -
  .text              ro code   0x800'0cc4   0x1e  cmain.o [7]
  .text              ro code   0x800'0ce2    0x4  low_level_init.o [5]
  .text              ro code   0x800'0ce6    0x4  exit.o [5]
  .text              ro code   0x800'0cec    0xa  cexit.o [7]
  .text              ro code   0x800'0cf8   0x14  exit.o [8]
  .text              ro code   0x800'0d0c   0x1c  cstartup_M.o [7]
  .text              ro code   0x800'0d28   0x14  stm32l4xx_it.o [2]
  .text              ro code   0x800'0d3c   0x10  stm32l4xx_hal.o [4]
  .text              ro code   0x800'0d4c   0x10  startup_stm32l431xx.o [1]
  Initializer bytes  const     0x800'0d5c   0x10  <for P2-1>
  .text              ro code   0x800'0d6c    0x4  startup_stm32l431xx.o [1]
  .text              ro code   0x800'0d70    0x4  startup_stm32l431xx.o [1]
  .text              ro code   0x800'0d74    0x4  startup_stm32l431xx.o [1]
  .text              ro code   0x800'0d78    0x4  startup_stm32l431xx.o [1]
  .text              ro code   0x800'0d7c    0x4  startup_stm32l431xx.o [1]
  .text              ro code   0x800'0d80    0x4  startup_stm32l431xx.o [1]
  .text              ro code   0x800'0d84    0x4  startup_stm32l431xx.o [1]
  .text              ro code   0x800'0d88    0x4  startup_stm32l431xx.o [1]
  .text              ro code   0x800'0d8c    0x4  startup_stm32l431xx.o [1]
  .text              ro code   0x800'0d90    0x4  startup_stm32l431xx.o [1]
  .text              ro code   0x800'0d94    0x4  startup_stm32l431xx.o [1]
  .text              ro code   0x800'0d98    0x4  startup_stm32l431xx.o [1]
  .text              ro code   0x800'0d9c    0x4  startup_stm32l431xx.o [1]
  .text              ro code   0x800'0da0    0x4  startup_stm32l431xx.o [1]
  .text              ro code   0x800'0da4    0x4  startup_stm32l431xx.o [1]
  .text              ro code   0x800'0da8    0x4  startup_stm32l431xx.o [1]
  .text              ro code   0x800'0dac    0x4  startup_stm32l431xx.o [1]
  .text              ro code   0x800'0db0    0x4  startup_stm32l431xx.o [1]
  .text              ro code   0x800'0db4    0x4  startup_stm32l431xx.o [1]
  .text              ro code   0x800'0db8    0x4  startup_stm32l431xx.o [1]
  .text              ro code   0x800'0dbc    0x4  startup_stm32l431xx.o [1]
  .text              ro code   0x800'0dc0    0x4  startup_stm32l431xx.o [1]
  .text              ro code   0x800'0dc4    0x4  startup_stm32l431xx.o [1]
  .text              ro code   0x800'0dc8    0x4  startup_stm32l431xx.o [1]
  .text              ro code   0x800'0dcc    0x4  startup_stm32l431xx.o [1]
  .text              ro code   0x800'0dd0    0x4  startup_stm32l431xx.o [1]
  .text              ro code   0x800'0dd4    0x4  startup_stm32l431xx.o [1]
  .text              ro code   0x800'0dd8    0x4  startup_stm32l431xx.o [1]
  .text              ro code   0x800'0ddc    0x4  startup_stm32l431xx.o [1]
  .text              ro code   0x800'0de0    0x4  startup_stm32l431xx.o [1]
  .text              ro code   0x800'0de4    0x4  startup_stm32l431xx.o [1]
  .text              ro code   0x800'0de8    0x4  startup_stm32l431xx.o [1]
  .text              ro code   0x800'0dec    0x4  startup_stm32l431xx.o [1]
  .text              ro code   0x800'0df0    0x4  startup_stm32l431xx.o [1]
  .text              ro code   0x800'0df4    0x4  startup_stm32l431xx.o [1]
  .text              ro code   0x800'0df8    0x4  startup_stm32l431xx.o [1]
  .text              ro code   0x800'0dfc    0x4  startup_stm32l431xx.o [1]
  .text              ro code   0x800'0e00    0x4  startup_stm32l431xx.o [1]
  .text              ro code   0x800'0e04    0x4  startup_stm32l431xx.o [1]
  .text              ro code   0x800'0e08    0x4  startup_stm32l431xx.o [1]
  .text              ro code   0x800'0e0c    0x4  startup_stm32l431xx.o [1]
  .text              ro code   0x800'0e10    0x4  startup_stm32l431xx.o [1]
  .text              ro code   0x800'0e14    0x4  startup_stm32l431xx.o [1]
  .text              ro code   0x800'0e18    0x4  startup_stm32l431xx.o [1]
  .text              ro code   0x800'0e1c    0x4  startup_stm32l431xx.o [1]
  .text              ro code   0x800'0e20    0x4  startup_stm32l431xx.o [1]
  .text              ro code   0x800'0e24    0x4  startup_stm32l431xx.o [1]
  .text              ro code   0x800'0e28    0x4  startup_stm32l431xx.o [1]
  .text              ro code   0x800'0e2c    0x4  startup_stm32l431xx.o [1]
  .text              ro code   0x800'0e30    0x4  startup_stm32l431xx.o [1]
  .text              ro code   0x800'0e34    0x4  startup_stm32l431xx.o [1]
  .text              ro code   0x800'0e38    0x4  startup_stm32l431xx.o [1]
  .text              ro code   0x800'0e3c    0x4  startup_stm32l431xx.o [1]
  .text              ro code   0x800'0e40    0x4  startup_stm32l431xx.o [1]
  .text              ro code   0x800'0e44    0x4  startup_stm32l431xx.o [1]
  .text              ro code   0x800'0e48    0x4  startup_stm32l431xx.o [1]
  .text              ro code   0x800'0e4c    0x4  startup_stm32l431xx.o [1]
  .text              ro code   0x800'0e50    0x4  startup_stm32l431xx.o [1]
  .text              ro code   0x800'0e54    0x4  startup_stm32l431xx.o [1]
  .text              ro code   0x800'0e58    0x4  startup_stm32l431xx.o [1]
  .text              ro code   0x800'0e5c    0x4  startup_stm32l431xx.o [1]
  .text              ro code   0x800'0e60    0x4  startup_stm32l431xx.o [1]
  .text              ro code   0x800'0e64    0x4  startup_stm32l431xx.o [1]
  .text              ro code   0x800'0e68    0x4  startup_stm32l431xx.o [1]
  .rodata            const     0x800'0e6c    0x0  copy_init3.o [7]
                             - 0x800'0e6c  0xce0

"P2", part 1 of 2:                          0x10
  P2-1                        0x2000'0000   0x10  <Init block>
    .data            inited   0x2000'0000    0xc  stm32l4xx_hal.o [4]
    .data            inited   0x2000'000c    0x4  system_stm32l4xx.o [3]
                            - 0x2000'0010   0x10

"P2", part 2 of 2:                         0x400
  CSTACK                      0x2000'0010  0x400  <Block>
    CSTACK           uninit   0x2000'0010  0x400  <Block tail>
                            - 0x2000'0410  0x400

Unused ranges:

         From           To      Size
         ----           --      ----
   0x800'0e6c   0x803'ffff  0x3'f194
  0x2000'0410  0x2000'ffff    0xfbf0


*******************************************************************************
*** INIT TABLE
***

          Address      Size
          -------      ----
Copy (__iar_copy_init3)
    1 source range, total size 0x10:
           0x800'0d5c  0x10
    1 destination range, total size 0x10:
          0x2000'0000  0x10



*******************************************************************************
*** MODULE SUMMARY
***

    Module                  ro code  ro data  rw data
    ------                  -------  -------  -------
command line/config:
    -------------------------------------------------
    Total:

C:\Users\user\Desktop\STM32L431RCT6_Template\EWARM\STM32L431RCT6_Template\Obj\Application\EWARM: [1]
    startup_stm32l431xx.o       668
    -------------------------------------------------
    Total:                      668

C:\Users\user\Desktop\STM32L431RCT6_Template\EWARM\STM32L431RCT6_Template\Obj\Application\User\Core: [2]
    gpio.o                       68
    main.o                      168
    stm32l4xx_hal_msp.o          48
    stm32l4xx_it.o               20
    -------------------------------------------------
    Total:                      304

C:\Users\user\Desktop\STM32L431RCT6_Template\EWARM\STM32L431RCT6_Template\Obj\Drivers\CMSIS: [3]
    system_stm32l4xx.o           44       52        4
    -------------------------------------------------
    Total:                       44       52        4

C:\Users\user\Desktop\STM32L431RCT6_Template\EWARM\STM32L431RCT6_Template\Obj\Drivers\STM32L4xx_HAL_Driver: [4]
    stm32l4xx_hal.o             126       12       12
    stm32l4xx_hal_cortex.o      172
    stm32l4xx_hal_pwr.o          16
    stm32l4xx_hal_pwr_ex.o      124
    stm32l4xx_hal_rcc.o       1'796
    stm32l4xx_hal_rcc_ex.o       16
    -------------------------------------------------
    Total:                    2'250       12       12

dl7M_tln.a: [5]
    exit.o                        4
    low_level_init.o              4
    -------------------------------------------------
    Total:                        8

m7M_tls.a: [6]
    fpinit_M.o                   34
    -------------------------------------------------
    Total:                       34

rt7M_tl.a: [7]
    ABImemset.o                 102
    cexit.o                      10
    cmain.o                      30
    copy_init3.o                 42
    cstartup_M.o                 28
    data_init.o                  40
    memset.o                     20
    -------------------------------------------------
    Total:                      272

shb_l.a: [8]
    exit.o                       20
    -------------------------------------------------
    Total:                       20

    Gaps                          4        4
    Linker created                        20    1'024
-----------------------------------------------------
    Grand Total:              3'604       88    1'040


*******************************************************************************
*** ENTRY LIST
***

Entry                       Address   Size  Type      Object
-----                       -------   ----  ----      ------
.iar.init_table$$Base    0x800'0cb0          --   Gb  - Linker created -
.iar.init_table$$Limit   0x800'0cc4          --   Gb  - Linker created -
?main                    0x800'0cc5         Code  Gb  cmain.o [7]
ADC1_IRQHandler          0x800'0db5         Code  Wk  startup_stm32l431xx.o [1]
AHBPrescTable            0x800'0c54   0x10  Data  Gb  system_stm32l4xx.o [3]
BusFault_Handler         0x800'0d2f    0x2  Code  Gb  stm32l4xx_it.o [2]
CAN1_RX0_IRQHandler      0x800'0dbd         Code  Wk  startup_stm32l431xx.o [1]
CAN1_RX1_IRQHandler      0x800'0dc1         Code  Wk  startup_stm32l431xx.o [1]
CAN1_SCE_IRQHandler      0x800'0dc5         Code  Wk  startup_stm32l431xx.o [1]
CAN1_TX_IRQHandler       0x800'0db9         Code  Wk  startup_stm32l431xx.o [1]
COMP_IRQHandler          0x800'0e31         Code  Wk  startup_stm32l431xx.o [1]
CRS_IRQHandler           0x800'0e69         Code  Wk  startup_stm32l431xx.o [1]
CSTACK$$Base            0x2000'0010          --   Gb  - Linker created -
CSTACK$$Limit           0x2000'0410          --   Gb  - Linker created -
DMA1_Channel1_IRQHandler
                         0x800'0d99         Code  Wk  startup_stm32l431xx.o [1]
DMA1_Channel2_IRQHandler
                         0x800'0d9d         Code  Wk  startup_stm32l431xx.o [1]
DMA1_Channel3_IRQHandler
                         0x800'0da1         Code  Wk  startup_stm32l431xx.o [1]
DMA1_Channel4_IRQHandler
                         0x800'0da5         Code  Wk  startup_stm32l431xx.o [1]
DMA1_Channel5_IRQHandler
                         0x800'0da9         Code  Wk  startup_stm32l431xx.o [1]
DMA1_Channel6_IRQHandler
                         0x800'0dad         Code  Wk  startup_stm32l431xx.o [1]
DMA1_Channel7_IRQHandler
                         0x800'0db1         Code  Wk  startup_stm32l431xx.o [1]
DMA2_Channel1_IRQHandler
                         0x800'0e1d         Code  Wk  startup_stm32l431xx.o [1]
DMA2_Channel2_IRQHandler
                         0x800'0e21         Code  Wk  startup_stm32l431xx.o [1]
DMA2_Channel3_IRQHandler
                         0x800'0e25         Code  Wk  startup_stm32l431xx.o [1]
DMA2_Channel4_IRQHandler
                         0x800'0e29         Code  Wk  startup_stm32l431xx.o [1]
DMA2_Channel5_IRQHandler
                         0x800'0e2d         Code  Wk  startup_stm32l431xx.o [1]
DMA2_Channel6_IRQHandler
                         0x800'0e3d         Code  Wk  startup_stm32l431xx.o [1]
DMA2_Channel7_IRQHandler
                         0x800'0e41         Code  Wk  startup_stm32l431xx.o [1]
DebugMon_Handler         0x800'0d35    0x2  Code  Gb  stm32l4xx_it.o [2]
EXTI0_IRQHandler         0x800'0d85         Code  Wk  startup_stm32l431xx.o [1]
EXTI15_10_IRQHandler     0x800'0e05         Code  Wk  startup_stm32l431xx.o [1]
EXTI1_IRQHandler         0x800'0d89         Code  Wk  startup_stm32l431xx.o [1]
EXTI2_IRQHandler         0x800'0d8d         Code  Wk  startup_stm32l431xx.o [1]
EXTI3_IRQHandler         0x800'0d91         Code  Wk  startup_stm32l431xx.o [1]
EXTI4_IRQHandler         0x800'0d95         Code  Wk  startup_stm32l431xx.o [1]
EXTI9_5_IRQHandler       0x800'0dc9         Code  Wk  startup_stm32l431xx.o [1]
Error_Handler            0x800'0aad    0x4  Code  Gb  main.o [2]
FLASH_IRQHandler         0x800'0d7d         Code  Wk  startup_stm32l431xx.o [1]
FPU_IRQHandler           0x800'0e65         Code  Wk  startup_stm32l431xx.o [1]
HAL_GetTick              0x800'08d5    0xc  Code  Wk  stm32l4xx_hal.o [4]
HAL_IncTick              0x800'0d3d   0x10  Code  Wk  stm32l4xx_hal.o [4]
HAL_Init                 0x800'0ab1   0x1e  Code  Gb  stm32l4xx_hal.o [4]
HAL_InitTick             0x800'0891   0x44  Code  Wk  stm32l4xx_hal.o [4]
HAL_MspInit              0x800'0b71   0x30  Code  Gb  stm32l4xx_hal_msp.o [2]
HAL_NVIC_SetPriority     0x800'0991   0x3a  Code  Gb  stm32l4xx_hal_cortex.o [4]
HAL_NVIC_SetPriorityGrouping
                         0x800'0977   0x1a  Code  Gb  stm32l4xx_hal_cortex.o [4]
HAL_PWREx_ControlVoltageScaling
                         0x800'08ed   0x62  Code  Gb  stm32l4xx_hal_pwr_ex.o [4]
HAL_PWREx_GetVoltageRange
                         0x800'08e1    0xc  Code  Gb  stm32l4xx_hal_pwr_ex.o [4]
HAL_PWR_EnableBkUpAccess
                         0x800'0b51    0xc  Code  Gb  stm32l4xx_hal_pwr.o [4]
HAL_RCCEx_EnableMSIPLLMode
                         0x800'0b61    0xc  Code  Gb  stm32l4xx_hal_rcc_ex.o [4]
HAL_RCC_ClockConfig      0x800'0621   0xfa  Code  Gb  stm32l4xx_hal_rcc.o [4]
HAL_RCC_GetSysClockFreq
                         0x800'0751   0x92  Code  Gb  stm32l4xx_hal_rcc.o [4]
HAL_RCC_OscConfig        0x800'018d  0x45c  Code  Gb  stm32l4xx_hal_rcc.o [4]
HAL_SYSTICK_Config       0x800'09cd   0x22  Code  Gb  stm32l4xx_hal_cortex.o [4]
HardFault_Handler        0x800'0d2b    0x2  Code  Gb  stm32l4xx_it.o [2]
I2C1_ER_IRQHandler       0x800'0de5         Code  Wk  startup_stm32l431xx.o [1]
I2C1_EV_IRQHandler       0x800'0de1         Code  Wk  startup_stm32l431xx.o [1]
I2C2_ER_IRQHandler       0x800'0ded         Code  Wk  startup_stm32l431xx.o [1]
I2C2_EV_IRQHandler       0x800'0de9         Code  Wk  startup_stm32l431xx.o [1]
I2C3_ER_IRQHandler       0x800'0e51         Code  Wk  startup_stm32l431xx.o [1]
I2C3_EV_IRQHandler       0x800'0e4d         Code  Wk  startup_stm32l431xx.o [1]
LPTIM1_IRQHandler        0x800'0e35         Code  Wk  startup_stm32l431xx.o [1]
LPTIM2_IRQHandler        0x800'0e39         Code  Wk  startup_stm32l431xx.o [1]
LPUART1_IRQHandler       0x800'0e45         Code  Wk  startup_stm32l431xx.o [1]
MSIRangeTable            0x800'0c08   0x30  Data  Gb  system_stm32l4xx.o [3]
MX_GPIO_Init             0x800'0af9   0x44  Code  Gb  gpio.o [2]
MemManage_Handler        0x800'0d2d    0x2  Code  Gb  stm32l4xx_it.o [2]
NMI_Handler              0x800'0d29    0x2  Code  Gb  stm32l4xx_it.o [2]
PVD_PVM_IRQHandler       0x800'0d71         Code  Wk  startup_stm32l431xx.o [1]
PendSV_Handler           0x800'0d37    0x2  Code  Gb  stm32l4xx_it.o [2]
QUADSPI_IRQHandler       0x800'0e49         Code  Wk  startup_stm32l431xx.o [1]
RCC_IRQHandler           0x800'0d81         Code  Wk  startup_stm32l431xx.o [1]
RCC_SetFlashLatencyFromMSIRange
                         0x800'07e3   0x74  Code  Lc  stm32l4xx_hal_rcc.o [4]
RNG_IRQHandler           0x800'0e61         Code  Wk  startup_stm32l431xx.o [1]
RTC_Alarm_IRQHandler     0x800'0e09         Code  Wk  startup_stm32l431xx.o [1]
RTC_WKUP_IRQHandler      0x800'0d79         Code  Wk  startup_stm32l431xx.o [1]
Region$$Table$$Base      0x800'0cb0          --   Gb  - Linker created -
Region$$Table$$Limit     0x800'0cc4          --   Gb  - Linker created -
Reset_Handler            0x800'0d4d         Code  Wk  startup_stm32l431xx.o [1]
SAI1_IRQHandler          0x800'0e55         Code  Wk  startup_stm32l431xx.o [1]
SDMMC1_IRQHandler        0x800'0e0d         Code  Wk  startup_stm32l431xx.o [1]
SPI1_IRQHandler          0x800'0df1         Code  Wk  startup_stm32l431xx.o [1]
SPI2_IRQHandler          0x800'0df5         Code  Wk  startup_stm32l431xx.o [1]
SPI3_IRQHandler          0x800'0e11         Code  Wk  startup_stm32l431xx.o [1]
SVC_Handler              0x800'0d33    0x2  Code  Gb  stm32l4xx_it.o [2]
SWPMI1_IRQHandler        0x800'0e59         Code  Wk  startup_stm32l431xx.o [1]
SysTick_Handler          0x800'0d39    0x4  Code  Gb  stm32l4xx_it.o [2]
SystemClock_Config       0x800'0a19   0x90  Code  Gb  main.o [2]
SystemCoreClock         0x2000'000c    0x4  Data  Gb  system_stm32l4xx.o [3]
SystemInit               0x800'0c39   0x14  Code  Gb  system_stm32l4xx.o [3]
TAMP_STAMP_IRQHandler    0x800'0d75         Code  Wk  startup_stm32l431xx.o [1]
TIM1_BRK_TIM15_IRQHandler
                         0x800'0dcd         Code  Wk  startup_stm32l431xx.o [1]
TIM1_CC_IRQHandler       0x800'0dd9         Code  Wk  startup_stm32l431xx.o [1]
TIM1_TRG_COM_IRQHandler
                         0x800'0dd5         Code  Wk  startup_stm32l431xx.o [1]
TIM1_UP_TIM16_IRQHandler
                         0x800'0dd1         Code  Wk  startup_stm32l431xx.o [1]
TIM2_IRQHandler          0x800'0ddd         Code  Wk  startup_stm32l431xx.o [1]
TIM6_DAC_IRQHandler      0x800'0e15         Code  Wk  startup_stm32l431xx.o [1]
TIM7_IRQHandler          0x800'0e19         Code  Wk  startup_stm32l431xx.o [1]
TSC_IRQHandler           0x800'0e5d         Code  Wk  startup_stm32l431xx.o [1]
USART1_IRQHandler        0x800'0df9         Code  Wk  startup_stm32l431xx.o [1]
USART2_IRQHandler        0x800'0dfd         Code  Wk  startup_stm32l431xx.o [1]
USART3_IRQHandler        0x800'0e01         Code  Wk  startup_stm32l431xx.o [1]
UsageFault_Handler       0x800'0d31    0x2  Code  Gb  stm32l4xx_it.o [2]
WWDG_IRQHandler          0x800'0d6d         Code  Wk  startup_stm32l431xx.o [1]
__NVIC_SetPriority       0x800'095d   0x1a  Code  Lc  stm32l4xx_hal_cortex.o [4]
__aeabi_memset           0x800'0ba1         Code  Gb  ABImemset.o [7]
__cmain                  0x800'0cc5         Code  Gb  cmain.o [7]
__exit                   0x800'0cf9   0x14  Code  Gb  exit.o [8]
__iar_Memset             0x800'0ba1         Code  Gb  ABImemset.o [7]
__iar_Memset_word        0x800'0ba9         Code  Gb  ABImemset.o [7]
__iar_copy_init3         0x800'0acf   0x2a  Code  Gb  copy_init3.o [7]
__iar_data_init3         0x800'0c65   0x28  Code  Gb  data_init.o [7]
__iar_init_vfp           0x800'0c8d         Code  Gb  fpinit_M.o [6]
__iar_program_start      0x800'0d0d         Code  Gb  cstartup_M.o [7]
__low_level_init         0x800'0ce3    0x4  Code  Gb  low_level_init.o [5]
__vector_table           0x800'0000         Data  Gb  startup_stm32l431xx.o [1]
_call_main               0x800'0cd1         Code  Gb  cmain.o [7]
_exit                    0x800'0ced         Code  Gb  cexit.o [7]
exit                     0x800'0ce7    0x4  Code  Gb  exit.o [5]
main                     0x800'0a09   0x10  Code  Gb  main.o [2]
memset                   0x800'0b3d   0x14  Code  Gb  memset.o [7]
uwTick                  0x2000'0004    0x4  Data  Gb  stm32l4xx_hal.o [4]
uwTickFreq              0x2000'0000    0x1  Data  Gb  stm32l4xx_hal.o [4]
uwTickPrio              0x2000'0008    0x4  Data  Gb  stm32l4xx_hal.o [4]


[1] = C:\Users\user\Desktop\STM32L431RCT6_Template\EWARM\STM32L431RCT6_Template\Obj\Application\EWARM
[2] = C:\Users\user\Desktop\STM32L431RCT6_Template\EWARM\STM32L431RCT6_Template\Obj\Application\User\Core
[3] = C:\Users\user\Desktop\STM32L431RCT6_Template\EWARM\STM32L431RCT6_Template\Obj\Drivers\CMSIS
[4] = C:\Users\user\Desktop\STM32L431RCT6_Template\EWARM\STM32L431RCT6_Template\Obj\Drivers\STM32L4xx_HAL_Driver
[5] = dl7M_tln.a
[6] = m7M_tls.a
[7] = rt7M_tl.a
[8] = shb_l.a

  3'604 bytes of readonly  code memory
     88 bytes of readonly  data memory
  1'040 bytes of readwrite data memory

Errors: none
Warnings: none
